some-username


some-password


some-username


some-password

