{"driver-type":"network","failed-when-contains":["% Ambiguous command","% Incomplete command","% Invalid input detected","% Unknown command"],"on-open":null,"on-close":null,"privilege-levels":{"configuration":{"Name":"configuration","Pattern":"(?im)^[\\w.\\-@/:]{1,63}\\([\\w.\\-@/:+]{0,32}\\)#$","NotContains":["tcl)"],"PreviousPriv":"privilege-exec","Deescalate":"end","Escalate":"configure terminal","EscalateAuth":false,"EscalatePrompt":""},"exec":{"Name":"exec","Pattern":"(?im)^[\\w.\\-@/:]{1,63}\u003e$","NotContains":null,"PreviousPriv":"","Deescalate":"","Escalate":"","EscalateAuth":false,"EscalatePrompt":""},"privilege-exec":{"Name":"privilege-exec","Pattern":"(?im)^[\\w.\\-@/:]{1,63}#$","NotContains":null,"PreviousPriv":"exec","Deescalate":"disable","Escalate":"enable","EscalateAuth":true,"EscalatePrompt":"^(?:enable\\s){0,1}password:\\s?$"},"tclsh":{"Name":"tclsh","Pattern":"(?im)^([\\w.\\-@/+\u003e:]+\\(tcl\\)[\u003e#]|\\+\u003e)$","NotContains":null,"PreviousPriv":"privilege-exec","Deescalate":"tclquit","Escalate":"tclsh","EscalateAuth":false,"EscalatePrompt":""}},"default-desired-privilege-level":"privilege-exec","network-on-open":[{"operation":"acquire-priv"},{"command":"terminal width 512","operation":"driver.send-command"},{"command":"terminal length 0","operation":"driver.send-command"}],"network-on-close":[{"operation":"acquire-priv"},{"input":"exit","operation":"channel.write"},{"operation":"channel.return"}],"options":null}