{"driver-type":"network","failed-when-contains":["% Ambiguous command","% Incomplete command","% Invalid input detected","% Unknown command"],"on-open":null,"on-close":null,"privilege-levels":{"overwriteprivs":{"Name":"overwriteprivs","Pattern":"(?im)^[\\w.\\-@/:]{1,63}\u003e$","NotContains":null,"PreviousPriv":"","Deescalate":"","Escalate":"","EscalateAuth":false,"EscalatePrompt":""}},"default-desired-privilege-level":"privilege-exec","network-on-open":[{"operation":"acquire-priv"},{"command":"terminal width 512","operation":"driver.send-command"},{"command":"terminal length 0","operation":"driver.send-command"}],"network-on-close":[{"operation":"acquire-priv"},{"input":"exit","operation":"channel.write"},{"operation":"channel.return"}],"options":null}