% Unknown command or computer name, or unable to find computer address
