{"Host":"localhost","Port":830,"Input":null,"FramedInput":null,"RawResult":"IzQxMTcKPD94bWwgdmVyc2lvbj0iMS4wIiBlbmNvZGluZz0iVVRGLTgiPz4KPHJwYy1yZXBseSB4bWxucz0idXJuOmlldGY6cGFyYW1zOnhtbDpuczpuZXRjb25mOmJhc2U6MS4wIiBtZXNzYWdlLWlkPSIxMDEiPjxkYXRhPjxuYXRpdmUgeG1sbnM9Imh0dHA6Ly9jaXNjby5jb20vbnMveWFuZy9DaXNjby1JT1MtWEUtbmF0aXZlIj48dmVyc2lvbj4xNi4xMjwvdmVyc2lvbj48Ym9vdC1zdGFydC1tYXJrZXIvPjxib290LWVuZC1tYXJrZXIvPjxtZW1vcnk+PGZyZWU+PGxvdy13YXRlcm1hcms+PHByb2Nlc3Nvcj43MjMyOTwvcHJvY2Vzc29yPjwvbG93LXdhdGVybWFyaz48L2ZyZWU+PC9tZW1vcnk+PGNhbGwtaG9tZT48Y29udGFjdC1lbWFpbC1hZGRyIHhtbG5zPSJodHRwOi8vY2lzY28uY29tL25zL3lhbmcvQ2lzY28tSU9TLVhFLWNhbGwtaG9tZSI+c2NoLXNtYXJ0LWxpY2Vuc2luZ0BjaXNjby5jb208L2NvbnRhY3QtZW1haWwtYWRkcj48cHJvZmlsZSB4bWxucz0iaHR0cDovL2Npc2NvLmNvbS9ucy95YW5nL0Npc2NvLUlPUy1YRS1jYWxsLWhvbWUiPjxwcm9maWxlLW5hbWU+Q2lzY29UQUMtMTwvcHJvZmlsZS1uYW1lPjxhY3RpdmU+dHJ1ZTwvYWN0aXZlPjwvcHJvZmlsZT48L2NhbGwtaG9tZT48c2VydmljZT48dGltZXN0YW1wcz48ZGVidWc+PGRhdGV0aW1lPjxtc2VjPjwvbXNlYz48L2RhdGV0aW1lPjwvZGVidWc+PGxvZz48ZGF0ZXRpbWU+PG1zZWMvPjwvZGF0ZXRpbWU+PC9sb2c+PC90aW1lc3RhbXBzPjxjYWxsLWhvbWUvPjwvc2VydmljZT48cGxhdGZvcm0+PGNvbnNvbGUgeG1sbnM9Imh0dHA6Ly9jaXNjby5jb20vbnMveWFuZy9DaXNjby1JT1MtWEUtcGxhdGZvcm0iPjxvdXRwdXQ+c2VyaWFsPC9vdXRwdXQ+PC9jb25zb2xlPjxwdW50LWtlZXBhbGl2ZSB4bWxucz0iaHR0cDovL2Npc2NvLmNvbS9ucy95YW5nL0Npc2NvLUlPUy1YRS1wbGF0Zm9ybSI+PGRpc2FibGUta2VybmVsLWNvcmU+dHJ1ZTwvZGlzYWJsZS1rZXJuZWwtY29yZT48L3B1bnQta2VlcGFsaXZlPjwvcGxhdGZvcm0+PGhvc3RuYW1lPnZyLWNzcjwvaG9zdG5hbWU+PGVuYWJsZT48c2VjcmV0Pjx0eXBlPjk8L3R5cGU+PHNlY3JldD4kOSRETVJQdy50NVJKdk5EVSRhLlQwUElFOHJlNXZOZnZEaWw4M2N4dTI0VXVmLnd5cmJFcy5SQ3NkSllvPC9zZWNyZXQ+PC9zZWNyZXQ+PC9lbmFibGU+PHVzZXJuYW1lPjxuYW1lPmFkbWluPC9uYW1lPjxwcml2aWxlZ2U+MTU8L3ByaXZpbGVnZT48cGFzc3dvcmQ+PHBhc3N3b3JkPmFkbWluPC9wYXNzd29yZD48L3Bhc3N3b3JkPjwvdXNlcm5hbWU+PHVzZXJuYW1lPjxuYW1lPmJveGVuPC9uYW1lPjxwcml2aWxlZ2U+MTU8L3ByaXZpbGVnZT48cGFzc3dvcmQ+PGVuY3J5cHRpb24+MDwvZW5jcnlwdGlvbj48cGFzc3dvcmQ+YjB4M04tYjB4M048L3Bhc3N3b3JkPjwvcGFzc3dvcmQ+PC91c2VybmFtZT48aXA+PGRvbWFpbj48bmFtZT5ib3hlbi5ib3g8L25hbWU+PC9kb21haW4+PGZvcndhcmQtcHJvdG9jb2w+PHByb3RvY29sPm5kPC9wcm90b2NvbD48L2ZvcndhcmQtcHJvdG9jb2w+PG11bHRpY2FzdD48cm91dGUtbGltaXQgeG1sbnM9Imh0dHA6Ly9jaXNjby5jb20vbnMveWFuZy9DaXNjby1JT1MtWEUtbXVsdGljYXN0Ij4yMTQ3NDgzNjQ3PC9yb3V0ZS1saW1pdD48L211bHRpY2FzdD48cGltPjxhdXRvcnAtY29udGFpbmVyIHhtbG5zPSJodHRwOi8vY2lzY28uY29tL25zL3lhbmcvQ2lzY28tSU9TLVhFLW11bHRpY2FzdCI+PGF1dG9ycD5mYWxzZTwvYXV0b3JwPjwvYXV0b3JwLWNvbnRhaW5lcj48L3BpbT48YWNjZXNzLWxpc3Q+PGV4dGVuZGVkIHhtbG5zPSJodHRwOi8vY2lzY28uY29tL25zL3lhbmcvQ2lzY28tSU9TLVhFLWFjbCI+PG5hbWU+bWVyYWtpLWZxZG4tZG5zPC9uYW1lPjwvZXh0ZW5kZWQ+PC9hY2Nlc3MtbGlzdD48aHR0cCB4bWxucz0iaHR0cDovL2Npc2NvLmNvbS9ucy95YW5nL0Npc2NvLUlPUy1YRS1odHRwIj48c2VydmVyPmZhbHNlPC9zZXJ2ZXI+PHNlY3VyZS1zZXJ2ZXI+dHJ1ZTwvc2VjdXJlLXNlcnZlcj48L2h0dHA+PC9pcD48aW50ZXJmYWNlPjxHaWdhYml0RXRoZXJuZXQ+PG5hbWU+MTwvbmFtZT48aXA+PGFkZHJlc3M+PHByaW1hcnk+PGFkZHJlc3M+MTAuMC4wLjE1PC9hZGRyZXNzPjxtYXNrPjI1NS4yNTUuMjU1LjA8L21hc2s+PC9wcmltYXJ5PjwvYWRkcmVzcz48L2lwPjxtb3A+PGVuYWJsZWQ+ZmFsc2U8L2VuYWJsZWQ+PHN5c2lkPmZhbHNlPC9zeXNpZD48L21vcD48bmVnb3RpYXRpb24geG1sbnM9Imh0dHA6Ly9jaXNjby5jb20vbnMveWFuZy9DaXNjby1JT1MtWEUtZXRoZXJuZXQiPjxhdXRvPnRydWU8L2F1dG8+PC9uZWdvdGlhdGlvbj48L0dpZ2FiaXRFdGhlcm5ldD48R2lnYWJpdEV0aGVybmV0PjxuYW1lPjEwPC9uYW1lPjxzaHV0ZG93bi8+PG1vcD48ZW5hYmxlZD5mYWxzZTwvZW5hYmxlZD48c3lzaWQ+ZmFsc2U8L3N5c2lkPjwvbW9wPjxuZWdvdGlhdGlvbiB4bWxucz0iaHR0cDovL2Npc2NvLmNvbS9ucy95YW5nL0Npc2NvLUlPUy1YRS1ldGhlcm5ldCI+PGF1dG8+dHJ1ZTwvYXV0bz48L25lZ290aWF0aW9uPjwvR2lnYWJpdEV0aGVybmV0PjxHaWdhYml0RXRoZXJuZXQ+PG5hbWU+MjwvbmFtZT48c2h1dGRvd24vPjxtb3A+PGVuYWJsZWQ+ZmFsc2U8L2VuYWJsZWQ+PHN5c2lkPmZhbHNlPC9zeXNpZD48L21vcD48bmVnb3RpYXRpb24geG1sbnM9Imh0dHA6Ly9jaXNjby5jb20vbnMveWFuZy9DaXNjby1JT1MtWEUtZXRoZXJuZXQiPjxhdXRvPnRydWU8L2F1dG8+PC9uZWdvdGlhdGlvbj48L0dpZ2FiaXRFdGhlcm5ldD48R2lnYWJpdEV0aGVybmV0PjxuYW1lPjM8L25hbWU+PHNodXRkb3duLz48bW9wPjxlbmFibGVkPmZhbHNlPC9lbmFibGVkPjxzeXNpZD5mYWxzZTwvc3lzaWQ+PC9tb3A+PG5lZ290aWF0aW9uIHhtbG5zPSJodHRwOi8vY2lzY28uY29tL25zL3lhbmcvQ2lzY28tSU9TLVhFLWV0aGVybmV0Ij48YXV0bz50cnVlPC9hdXRvPjwvbmVnb3RpYXRpb24+PC9HaWdhYml0RXRoZXJuZXQ+PEdpZ2FiaXRFdGhlcm5ldD48bmFtZT40PC9uYW1lPjxzaHV0ZG93bi8+PG1vcD48ZW5hYmxlZD5mYWxzZTwvZW5hYmxlZD48c3lzaWQ+ZmFsc2U8L3N5c2lkPjwvbW9wPjxuZWdvdGlhdGlvbiB4bWxucz0iaHR0cDovL2Npc2NvLmNvbS9ucy95YW5nL0Npc2NvLUlPUy1YRS1ldGhlcm5ldCI+PGF1dG8+dHJ1ZTwvYXV0bz48L25lZ290aWF0aW9uPjwvR2lnYWJpdEV0aGVybmV0PjxHaWdhYml0RXRoZXJuZXQ+PG5hbWU+NTwvbmFtZT48c2h1dGRvd24vPjxtb3A+PGVuYWJsZWQ+ZmFsc2U8L2VuYWJsZWQ+PHN5c2lkPmZhbHNlPC9zeXNpZD48L21vcD48bmVnb3RpYXRpb24geG1sbnM9Imh0dHA6Ly9jaXNjby5jb20vbnMveWFuZy9DaXNjby1JT1MtWEUtZXRoZXJuZXQiPjxhdXRvPnRydWU8L2F1dG8+PC9uZWdvdGlhdGlvbj48L0dpZ2FiaXRFdGhlcm5ldD48R2lnYWJpdEV0aGVybmV0PjxuYW1lPjY8L25hbWU+PHNodXRkb3duLz48bW9wPjxlbmFibGVkPmZhbHNlPC9lbmFibGVkPjxzeXNpZD5mYWxzZTwvc3lzaWQ+PC9tb3A+PG5lZ290aWF0aW9uIHhtbG5zPSJodHRwOi8vY2lzY28uY29tL25zL3lhbmcvQ2lzY28tSU9TLVhFLWV0aGVybmV0Ij48YXV0bz50cnVlPC9hdXRvPjwvbmVnb3RpYXRpb24+PC9HaWdhYml0RXRoZXJuZXQ+PEdpZ2FiaXRFdGhlcm5ldD48bmFtZT43PC9uYW1lPjxzaHV0ZG93bi8+PG1vcD48ZW5hYmxlZD5mYWxzZTwvZW5hYmxlZD48c3lzaWQ+ZmFsc2U8L3N5c2lkPjwvbW9wPjxuZWdvdGlhdGlvbiB4bWxucz0iaHR0cDovL2Npc2NvLmNvbS9ucy95YW5nL0Npc2NvLUlPUy1YRS1ldGhlcm5ldCI+PGF1dG8+dHJ1ZTwvYXV0bz48L25lZ290aWF0aW9uPjwvR2lnYWJpdEV0aGVybmV0PjxHaWdhYml0RXRoZXJuZXQ+PG5hbWU+ODwvbmFtZT48c2h1dGRvd24vPjxtb3A+PGVuYWJsZWQ+ZmFsc2U8L2VuYWJsZWQ+PHN5c2lkPmZhbHNlPC9zeXNpZD48L21vcD48bmVnb3RpYXRpb24geG1sbnM9Imh0dHA6Ly9jaXNjby5jb20vbnMveWFuZy9DaXNjby1JT1MtWEUtZXRoZXJuZXQiPjxhdXRvPnRydWU8L2F1dG8+PC9uZWdvdGlhdGlvbj48L0dpZ2FiaXRFdGhlcm5ldD48R2lnYWJpdEV0aGVybmV0PjxuYW1lPjk8L25hbWU+PHNodXRkb3duLz48bW9wPjxlbmFibGVkPmZhbHNlPC9lbmFibGVkPgojODMyCjwvaXB2ND48aXB2NiB4bWxucz0idXJuOmlldGY6cGFyYW1zOnhtbDpuczp5YW5nOmlldGYtaXAiPjwvaXB2Nj48L2ludGVyZmFjZT48L2ludGVyZmFjZXM+PG5hY20geG1sbnM9InVybjppZXRmOnBhcmFtczp4bWw6bnM6eWFuZzppZXRmLW5ldGNvbmYtYWNtIj48ZW5hYmxlLW5hY20+dHJ1ZTwvZW5hYmxlLW5hY20+PHJlYWQtZGVmYXVsdD5kZW55PC9yZWFkLWRlZmF1bHQ+PHdyaXRlLWRlZmF1bHQ+ZGVueTwvd3JpdGUtZGVmYXVsdD48ZXhlYy1kZWZhdWx0PmRlbnk8L2V4ZWMtZGVmYXVsdD48ZW5hYmxlLWV4dGVybmFsLWdyb3Vwcz50cnVlPC9lbmFibGUtZXh0ZXJuYWwtZ3JvdXBzPjxydWxlLWxpc3Q+PG5hbWU+YWRtaW48L25hbWU+PGdyb3VwPlBSSVYxNTwvZ3JvdXA+PHJ1bGU+PG5hbWU+cGVybWl0LWFsbDwvbmFtZT48bW9kdWxlLW5hbWU+KjwvbW9kdWxlLW5hbWU+PGFjY2Vzcy1vcGVyYXRpb25zPio8L2FjY2Vzcy1vcGVyYXRpb25zPjxhY3Rpb24+cGVybWl0PC9hY3Rpb24+PC9ydWxlPjwvcnVsZS1saXN0PjwvbmFjbT48cm91dGluZyB4bWxucz0idXJuOmlldGY6cGFyYW1zOnhtbDpuczp5YW5nOmlldGYtcm91dGluZyI+PHJvdXRpbmctaW5zdGFuY2U+PG5hbWU+ZGVmYXVsdDwvbmFtZT48ZGVzY3JpcHRpb24+ZGVmYXVsdC12cmYgW3JlYWQtb25seV08L2Rlc2NyaXB0aW9uPjxyb3V0aW5nLXByb3RvY29scz48cm91dGluZy1wcm90b2NvbD48dHlwZT5zdGF0aWM8L3R5cGU+PG5hbWU+MTwvbmFtZT48L3JvdXRpbmctcHJvdG9jb2w+PC9yb3V0aW5nLXByb3RvY29scz48L3JvdXRpbmctaW5zdGFuY2U+PC9yb3V0aW5nPjwvZGF0YT48L3JwYy1yZXBseT4KIyM=","Result":"\u003crpc-reply xmlns=\"urn:ietf:params:xml:ns:netconf:base:1.0\" message-id=\"101\"\u003e\u003cdata\u003e\u003cnative xmlns=\"http://cisco.com/ns/yang/Cisco-IOS-XE-native\"\u003e\u003cversion\u003e16.12\u003c/version\u003e\u003cboot-start-marker/\u003e\u003cboot-end-marker/\u003e\u003cmemory\u003e\u003cfree\u003e\u003clow-watermark\u003e\u003cprocessor\u003e72329\u003c/processor\u003e\u003c/low-watermark\u003e\u003c/free\u003e\u003c/memory\u003e\u003ccall-home\u003e\u003ccontact-email-addr xmlns=\"http://cisco.com/ns/yang/Cisco-IOS-XE-call-home\"\u003esch-smart-licensing@cisco.com\u003c/contact-email-addr\u003e\u003cprofile xmlns=\"http://cisco.com/ns/yang/Cisco-IOS-XE-call-home\"\u003e\u003cprofile-name\u003eCiscoTAC-1\u003c/profile-name\u003e\u003cactive\u003etrue\u003c/active\u003e\u003c/profile\u003e\u003c/call-home\u003e\u003cservice\u003e\u003ctimestamps\u003e\u003cdebug\u003e\u003cdatetime\u003e\u003cmsec\u003e\u003c/msec\u003e\u003c/datetime\u003e\u003c/debug\u003e\u003clog\u003e\u003cdatetime\u003e\u003cmsec/\u003e\u003c/datetime\u003e\u003c/log\u003e\u003c/timestamps\u003e\u003ccall-home/\u003e\u003c/service\u003e\u003cplatform\u003e\u003cconsole xmlns=\"http://cisco.com/ns/yang/Cisco-IOS-XE-platform\"\u003e\u003coutput\u003eserial\u003c/output\u003e\u003c/console\u003e\u003cpunt-keepalive xmlns=\"http://cisco.com/ns/yang/Cisco-IOS-XE-platform\"\u003e\u003cdisable-kernel-core\u003etrue\u003c/disable-kernel-core\u003e\u003c/punt-keepalive\u003e\u003c/platform\u003e\u003chostname\u003evr-csr\u003c/hostname\u003e\u003cenable\u003e\u003csecret\u003e\u003ctype\u003e9\u003c/type\u003e\u003csecret\u003e$9$DMRPw.t5RJvNDU$a.T0PIE8re5vNfvDil83cxu24Uuf.wyrbEs.RCsdJYo\u003c/secret\u003e\u003c/secret\u003e\u003c/enable\u003e\u003cusername\u003e\u003cname\u003eadmin\u003c/name\u003e\u003cprivilege\u003e15\u003c/privilege\u003e\u003cpassword\u003e\u003cpassword\u003eadmin\u003c/password\u003e\u003c/password\u003e\u003c/username\u003e\u003cusername\u003e\u003cname\u003eboxen\u003c/name\u003e\u003cprivilege\u003e15\u003c/privilege\u003e\u003cpassword\u003e\u003cencryption\u003e0\u003c/encryption\u003e\u003cpassword\u003eb0x3N-b0x3N\u003c/password\u003e\u003c/password\u003e\u003c/username\u003e\u003cip\u003e\u003cdomain\u003e\u003cname\u003eboxen.box\u003c/name\u003e\u003c/domain\u003e\u003cforward-protocol\u003e\u003cprotocol\u003end\u003c/protocol\u003e\u003c/forward-protocol\u003e\u003cmulticast\u003e\u003croute-limit xmlns=\"http://cisco.com/ns/yang/Cisco-IOS-XE-multicast\"\u003e2147483647\u003c/route-limit\u003e\u003c/multicast\u003e\u003cpim\u003e\u003cautorp-container xmlns=\"http://cisco.com/ns/yang/Cisco-IOS-XE-multicast\"\u003e\u003cautorp\u003efalse\u003c/autorp\u003e\u003c/autorp-container\u003e\u003c/pim\u003e\u003caccess-list\u003e\u003cextended xmlns=\"http://cisco.com/ns/yang/Cisco-IOS-XE-acl\"\u003e\u003cname\u003emeraki-fqdn-dns\u003c/name\u003e\u003c/extended\u003e\u003c/access-list\u003e\u003chttp xmlns=\"http://cisco.com/ns/yang/Cisco-IOS-XE-http\"\u003e\u003cserver\u003efalse\u003c/server\u003e\u003csecure-server\u003etrue\u003c/secure-server\u003e\u003c/http\u003e\u003c/ip\u003e\u003cinterface\u003e\u003cGigabitEthernet\u003e\u003cname\u003e1\u003c/name\u003e\u003cip\u003e\u003caddress\u003e\u003cprimary\u003e\u003caddress\u003e10.0.0.15\u003c/address\u003e\u003cmask\u003e255.255.255.0\u003c/mask\u003e\u003c/primary\u003e\u003c/address\u003e\u003c/ip\u003e\u003cmop\u003e\u003cenabled\u003efalse\u003c/enabled\u003e\u003csysid\u003efalse\u003c/sysid\u003e\u003c/mop\u003e\u003cnegotiation xmlns=\"http://cisco.com/ns/yang/Cisco-IOS-XE-ethernet\"\u003e\u003cauto\u003etrue\u003c/auto\u003e\u003c/negotiation\u003e\u003c/GigabitEthernet\u003e\u003cGigabitEthernet\u003e\u003cname\u003e10\u003c/name\u003e\u003cshutdown/\u003e\u003cmop\u003e\u003cenabled\u003efalse\u003c/enabled\u003e\u003csysid\u003efalse\u003c/sysid\u003e\u003c/mop\u003e\u003cnegotiation xmlns=\"http://cisco.com/ns/yang/Cisco-IOS-XE-ethernet\"\u003e\u003cauto\u003etrue\u003c/auto\u003e\u003c/negotiation\u003e\u003c/GigabitEthernet\u003e\u003cGigabitEthernet\u003e\u003cname\u003e2\u003c/name\u003e\u003cshutdown/\u003e\u003cmop\u003e\u003cenabled\u003efalse\u003c/enabled\u003e\u003csysid\u003efalse\u003c/sysid\u003e\u003c/mop\u003e\u003cnegotiation xmlns=\"http://cisco.com/ns/yang/Cisco-IOS-XE-ethernet\"\u003e\u003cauto\u003etrue\u003c/auto\u003e\u003c/negotiation\u003e\u003c/GigabitEthernet\u003e\u003cGigabitEthernet\u003e\u003cname\u003e3\u003c/name\u003e\u003cshutdown/\u003e\u003cmop\u003e\u003cenabled\u003efalse\u003c/enabled\u003e\u003csysid\u003efalse\u003c/sysid\u003e\u003c/mop\u003e\u003cnegotiation xmlns=\"http://cisco.com/ns/yang/Cisco-IOS-XE-ethernet\"\u003e\u003cauto\u003etrue\u003c/auto\u003e\u003c/negotiation\u003e\u003c/GigabitEthernet\u003e\u003cGigabitEthernet\u003e\u003cname\u003e4\u003c/name\u003e\u003cshutdown/\u003e\u003cmop\u003e\u003cenabled\u003efalse\u003c/enabled\u003e\u003csysid\u003efalse\u003c/sysid\u003e\u003c/mop\u003e\u003cnegotiation xmlns=\"http://cisco.com/ns/yang/Cisco-IOS-XE-ethernet\"\u003e\u003cauto\u003etrue\u003c/auto\u003e\u003c/negotiation\u003e\u003c/GigabitEthernet\u003e\u003cGigabitEthernet\u003e\u003cname\u003e5\u003c/name\u003e\u003cshutdown/\u003e\u003cmop\u003e\u003cenabled\u003efalse\u003c/enabled\u003e\u003csysid\u003efalse\u003c/sysid\u003e\u003c/mop\u003e\u003cnegotiation xmlns=\"http://cisco.com/ns/yang/Cisco-IOS-XE-ethernet\"\u003e\u003cauto\u003etrue\u003c/auto\u003e\u003c/negotiation\u003e\u003c/GigabitEthernet\u003e\u003cGigabitEthernet\u003e\u003cname\u003e6\u003c/name\u003e\u003cshutdown/\u003e\u003cmop\u003e\u003cenabled\u003efalse\u003c/enabled\u003e\u003csysid\u003efalse\u003c/sysid\u003e\u003c/mop\u003e\u003cnegotiation xmlns=\"http://cisco.com/ns/yang/Cisco-IOS-XE-ethernet\"\u003e\u003cauto\u003etrue\u003c/auto\u003e\u003c/negotiation\u003e\u003c/GigabitEthernet\u003e\u003cGigabitEthernet\u003e\u003cname\u003e7\u003c/name\u003e\u003cshutdown/\u003e\u003cmop\u003e\u003cenabled\u003efalse\u003c/enabled\u003e\u003csysid\u003efalse\u003c/sysid\u003e\u003c/mop\u003e\u003cnegotiation xmlns=\"http://cisco.com/ns/yang/Cisco-IOS-XE-ethernet\"\u003e\u003cauto\u003etrue\u003c/auto\u003e\u003c/negotiation\u003e\u003c/GigabitEthernet\u003e\u003cGigabitEthernet\u003e\u003cname\u003e8\u003c/name\u003e\u003cshutdown/\u003e\u003cmop\u003e\u003cenabled\u003efalse\u003c/enabled\u003e\u003csysid\u003efalse\u003c/sysid\u003e\u003c/mop\u003e\u003cnegotiation xmlns=\"http://cisco.com/ns/yang/Cisco-IOS-XE-ethernet\"\u003e\u003cauto\u003etrue\u003c/auto\u003e\u003c/negotiation\u003e\u003c/GigabitEthernet\u003e\u003cGigabitEthernet\u003e\u003cname\u003e9\u003c/name\u003e\u003cshutdown/\u003e\u003cmop\u003e\u003cenabled\u003efalse\u003c/enabled\u003e\u003c/ipv4\u003e\u003cipv6 xmlns=\"urn:ietf:params:xml:ns:yang:ietf-ip\"\u003e\u003c/ipv6\u003e\u003c/interface\u003e\u003c/interfaces\u003e\u003cnacm xmlns=\"urn:ietf:params:xml:ns:yang:ietf-netconf-acm\"\u003e\u003cenable-nacm\u003etrue\u003c/enable-nacm\u003e\u003cread-default\u003edeny\u003c/read-default\u003e\u003cwrite-default\u003edeny\u003c/write-default\u003e\u003cexec-default\u003edeny\u003c/exec-default\u003e\u003cenable-external-groups\u003etrue\u003c/enable-external-groups\u003e\u003crule-list\u003e\u003cname\u003eadmin\u003c/name\u003e\u003cgroup\u003ePRIV15\u003c/group\u003e\u003crule\u003e\u003cname\u003epermit-all\u003c/name\u003e\u003cmodule-name\u003e*\u003c/module-name\u003e\u003caccess-operations\u003e*\u003c/access-operations\u003e\u003caction\u003epermit\u003c/action\u003e\u003c/rule\u003e\u003c/rule-list\u003e\u003c/nacm\u003e\u003crouting xmlns=\"urn:ietf:params:xml:ns:yang:ietf-routing\"\u003e\u003crouting-instance\u003e\u003cname\u003edefault\u003c/name\u003e\u003cdescription\u003edefault-vrf [read-only]\u003c/description\u003e\u003crouting-protocols\u003e\u003crouting-protocol\u003e\u003ctype\u003estatic\u003c/type\u003e\u003cname\u003e1\u003c/name\u003e\u003c/routing-protocol\u003e\u003c/routing-protocols\u003e\u003c/routing-instance\u003e\u003c/routing\u003e\u003c/data\u003e\u003c/rpc-reply\u003e","StartTime":"0001-01-01T00:00:00Z","EndTime":"0001-01-01T00:00:00Z","ElapsedTime":0,"FailedWhenContains":["PHJwYy1lcnJvcj4=","PHJwYy1lcnJvcnM+","PC9ycGMtZXJyb3I+","PC9ycGMtZXJyb3JzPg=="],"Failed":null,"StripNamespaces":false,"NetconfVersion":"1.1","ErrorMessages":null,"SubscriptionID":0}