{"Host":"localhost","Port":830,"Input":null,"FramedInput":null,"RawResult":"IzI3OQogIDxiYW5uZXJzIHhtbG5zPSJodHRwOi8vY2lzY28uY29tL25zL3lhbmcvQ2lzY28tSU9TLVhSLWluZnJhLWluZnJhLWNmZyI+CiAgIDxiYW5uZXI+CiAgICA8YmFubmVyLW5hbWU+bW90ZDwvYmFubmVyLW5hbWU+CiAgICA8YmFubmVyLXRleHQ+OAojIyMjIyMjIyMjIyMjIyMjIyMjIyMjCkEgdmVyeSBjb29sIGJhbm5lciB3aXRoIGEgYnVuY2ggb2YgIyMjIyBpbiBpdCA6KQojIyMjIyMjIyMjIyMjIyMjIyMjIyMjCgo4PC9iYW5uZXItdGV4dD4KICAgPC9iYW5uZXI+CiAgPC9iYW5uZXJzPgoKIyM=","Result":"\u003cbanners xmlns=\"http://cisco.com/ns/yang/Cisco-IOS-XR-infra-infra-cfg\"\u003e\n   \u003cbanner\u003e\n    \u003cbanner-name\u003emotd\u003c/banner-name\u003e\n    \u003cbanner-text\u003e8\n######################\nA very cool banner with a bunch of #### in it :)\n######################\n\n8\u003c/banner-text\u003e\n   \u003c/banner\u003e\n  \u003c/banners\u003e","StartTime":"0001-01-01T00:00:00Z","EndTime":"0001-01-01T00:00:00Z","ElapsedTime":0,"FailedWhenContains":["PHJwYy1lcnJvcj4=","PHJwYy1lcnJvcnM+","PC9ycGMtZXJyb3I+","PC9ycGMtZXJyb3JzPg==","PG5jOnJwYy1lcnJvcj4=","PC9uYzpycGMtZXJyb3I+"],"Failed":null,"StripNamespaces":false,"NetconfVersion":"1.1","ErrorMessages":null,"WarningErrorMessages":null,"SubscriptionID":0}