{"Host":"localhost","Port":830,"Input":null,"FramedInput":null,"RawResult":"PHJwYy1yZXBseSB4bWxucz0idXJuOmlldGY6cGFyYW1zOnhtbDpuczpuZXRjb25mOmJhc2U6MS4wIj4KCTxycGMtZXJyb3I+CgkJPGVycm9yLXR5cGU+RVJST1IxPC9lcnJvci10eXBlPgoJCTxlcnJvci1zZXZlcml0eT5lcnJvcjwvZXJyb3Itc2V2ZXJpdHk+Cgk8L3JwYy1lcnJvcj4KCTxycGMtZXJyb3I+CgkJPGVycm9yLXR5cGU+RVJST1IyPC9lcnJvci10eXBlPgoJCTxlcnJvci1zZXZlcml0eT5lcnJvcjwvZXJyb3Itc2V2ZXJpdHk+Cgk8L3JwYy1lcnJvcj4KCTxycGMtZXJyb3I+CgkJPGVycm9yLXR5cGU+V0FSTklORzE8L2Vycm9yLXR5cGU+CgkJPGVycm9yLXNldmVyaXR5Pndhcm5pbmc8L2Vycm9yLXNldmVyaXR5PgoJPC9ycGMtZXJyb3I+CjwvcnBjLXJlcGx5Pg==","Result":"\u003crpc-reply xmlns=\"urn:ietf:params:xml:ns:netconf:base:1.0\"\u003e\n\t\u003crpc-error\u003e\n\t\t\u003cerror-type\u003eERROR1\u003c/error-type\u003e\n\t\t\u003cerror-severity\u003eerror\u003c/error-severity\u003e\n\t\u003c/rpc-error\u003e\n\t\u003crpc-error\u003e\n\t\t\u003cerror-type\u003eERROR2\u003c/error-type\u003e\n\t\t\u003cerror-severity\u003eerror\u003c/error-severity\u003e\n\t\u003c/rpc-error\u003e\n\t\u003crpc-error\u003e\n\t\t\u003cerror-type\u003eWARNING1\u003c/error-type\u003e\n\t\t\u003cerror-severity\u003ewarning\u003c/error-severity\u003e\n\t\u003c/rpc-error\u003e\n\u003c/rpc-reply\u003e","StartTime":"0001-01-01T00:00:00Z","EndTime":"0001-01-01T00:00:00Z","ElapsedTime":0,"FailedWhenContains":["PHJwYy1lcnJvcj4=","PHJwYy1lcnJvcnM+","PC9ycGMtZXJyb3I+","PC9ycGMtZXJyb3JzPg==","PG5jOnJwYy1lcnJvcj4=","PC9uYzpycGMtZXJyb3I+"],"Failed":{"Input":"","Output":"","ErrorString":"\u003crpc-error\u003e\n\t\t\u003cerror-type\u003eERROR1\u003c/error-type\u003e\n\t\t\u003cerror-severity\u003eerror\u003c/error-severity\u003e\n\t\u003c/rpc-error\u003e\n\t\u003crpc-error\u003e\n\t\t\u003cerror-type\u003eERROR2\u003c/error-type\u003e\n\t\t\u003cerror-severity\u003eerror\u003c/error-severity\u003e\n\t\u003c/rpc-error\u003e\n\t\u003crpc-error\u003e\n\t\t\u003cerror-type\u003eWARNING1\u003c/error-type\u003e\n\t\t\u003cerror-severity\u003ewarning\u003c/error-severity\u003e\n\t\u003c/rpc-error\u003e"},"StripNamespaces":false,"NetconfVersion":"1.0","ErrorMessages":["\u003crpc-error\u003e\n\t\t\u003cerror-type\u003eERROR1\u003c/error-type\u003e\n\t\t\u003cerror-severity\u003eerror\u003c/error-severity\u003e\n\t\u003c/rpc-error\u003e","\u003crpc-error\u003e\n\t\t\u003cerror-type\u003eERROR2\u003c/error-type\u003e\n\t\t\u003cerror-severity\u003eerror\u003c/error-severity\u003e\n\t\u003c/rpc-error\u003e"],"WarningErrorMessages":["\u003crpc-error\u003e\n\t\t\u003cerror-type\u003eWARNING1\u003c/error-type\u003e\n\t\t\u003cerror-severity\u003ewarning\u003c/error-severity\u003e\n\t\u003c/rpc-error\u003e"],"SubscriptionID":0}