






All changes have been discarded. Leaving candidate mode.