Building configuration...

Current configuration : 6955 bytes
!
! Last configuration change at 18:33:59 UTC Sat Jul 2 2022 by admin
!
version 16.12
service timestamps debug datetime msec
service timestamps log datetime msec
! Call-home is enabled by Smart-Licensing.
service call-home
platform qfp utilization monitor load 80
platform punt-keepalive disable-kernel-core
platform console serial
!
hostname vr-csr
!
boot-start-marker
boot-end-marker
!
!
enable secret 9 $9$iYHNnk9hB4ElFk$3JjDfWOwfPRJK5SJKUo8YGs7whG5fra4jK9i1UWeVPc
!
no aaa new-model
call-home
 ! If contact email address in call-home is configured as sch-smart-licensing@cisco.com
 ! the email address configured in Cisco Smart License Portal will be used as contact email address to send SCH notifications.
 contact-email-addr sch-smart-licensing@cisco.com
 profile "CiscoTAC-1"
  active
  destination transport-method http
  no destination transport-method email
!
!
!
!
!
!
!
ip domain name boxen.box
!
!
!
login on-success log
!
!
!
!
!
!
!
subscriber templating
!
!
!
!
!
!
multilink bundle-name authenticated
!
!
!
!
!
!
!
!
!
!
!
!
!
!
!
crypto pki trustpoint TP-self-signed-2238708418
 enrollment selfsigned
 subject-name cn=IOS-Self-Signed-Certificate-2238708418
 revocation-check none
 rsakeypair TP-self-signed-2238708418
!
crypto pki trustpoint SLA-TrustPoint
 enrollment pkcs12
 revocation-check crl
!
!
crypto pki certificate chain TP-self-signed-2238708418
 certificate self-signed 01
  30820330 30820218 A0030201 02020101 300D0609 2A864886 F70D0101 05050030
  31312F30 2D060355 04031326 494F532D 53656C66 2D536967 6E65642D 43657274
  69666963 6174652D 32323338 37303834 3138301E 170D3232 30363330 32323232
  30385A17 0D333030 31303130 30303030 305A3031 312F302D 06035504 03132649
  4F532D53 656C662D 5369676E 65642D43 65727469 66696361 74652D32 32333837
  30383431 38308201 22300D06 092A8648 86F70D01 01010500 0382010F 00308201
  0A028201 0100BCA5 C2E6AC5C 85914549 108DF5FE F2114718 F34C742C 6E9CF63C
  023DDA72 4C91709B 33EAE0D3 2EE64AA6 9129684A 2FF0CE22 D5C3FB59 7BEAB45F
  FCE5F2B7 1A217F1C 896A283C 02CCE4E1 87384E1C 2E16E3F2 82649F6C 72B54B23
  B644DC20 711C97A3 4063D958 EDC75BED 22EA75F9 0BB9AC47 022E9B30 B330821F
  23A1DF85 C8F6106F 9F2DD4DB E79F10CC 5450D55A 605E5569 F71E5CB3 9CDE7D24
  F9CD60EF 580BF9E1 988100A6 CC9F1348 F4A87513 7B9AF3DC 6A3944BE 09ECBDC5
  6A7ADA11 6FF8E363 055DC30F 2D3F2AAE E4C58318 8C71B5A0 F485ABFE DEF900FF
  8542C79C E532603C E4CBCB57 916AE711 2C5358A6 614C5A8A 18D0C44C 09AEE19B
  E406D18F 108F0203 010001A3 53305130 0F060355 1D130101 FF040530 030101FF
  301F0603 551D2304 18301680 143DC814 27F6C4DE E5EB66B6 80AE8774 0CD5DD7D
  40301D06 03551D0E 04160414 3DC81427 F6C4DEE5 EB66B680 AE87740C D5DD7D40
  300D0609 2A864886 F70D0101 05050003 82010100 909937D8 9436805B EB1FCC7F
  2D5719A6 64CB48EE BDC8080F 2E7D1F37 C361C17A F5DAE1F4 83CE7095 B9DB2A80
  E9F641AB 4BE747D7 C87DDCA4 EB2A067C 8B72A1FF 11E68F5F 41B4A501 A9C9D408
  0F1F433C 9D39326E 6B76255A AE423053 3A1B1DEE 9BF92BDC BD4D5445 8985599F
  7BC437E2 C2D0A2E1 763DFCEF EBD9C9BC 50586772 B1E82B79 17B56943 B5ED11EF
  5F6010A9 52D98E13 F9F41BE5 50F0A06C 6C9B5D6E AF622C75 95E9094E 571068D9
  4C5BF832 88494BC8 0715D2CA 95013F5C 11CA1019 EC1E366F 63C33284 FE009EAE
  C01B47FF 34C9C68C 599E3F09 ECDAD741 D45E35AF 6DE0F5E6 006BFCA0 01F0E56F
  C8FAACF0 C09F1C49 4ACF0F38 8D4FC8F2 86FA27F9
  	quit
crypto pki certificate chain SLA-TrustPoint
 certificate ca 01
  30820321 30820209 A0030201 02020101 300D0609 2A864886 F70D0101 0B050030
  32310E30 0C060355 040A1305 43697363 6F312030 1E060355 04031317 43697363
  6F204C69 63656E73 696E6720 526F6F74 20434130 1E170D31 33303533 30313934
  3834375A 170D3338 30353330 31393438 34375A30 32310E30 0C060355 040A1305
  43697363 6F312030 1E060355 04031317 43697363 6F204C69 63656E73 696E6720
  526F6F74 20434130 82012230 0D06092A 864886F7 0D010101 05000382 010F0030
  82010A02 82010100 A6BCBD96 131E05F7 145EA72C 2CD686E6 17222EA1 F1EFF64D
  CBB4C798 212AA147 C655D8D7 9471380D 8711441E 1AAF071A 9CAE6388 8A38E520
  1C394D78 462EF239 C659F715 B98C0A59 5BBB5CBD 0CFEBEA3 700A8BF7 D8F256EE
  4AA4E80D DB6FD1C9 60B1FD18 FFC69C96 6FA68957 A2617DE7 104FDC5F EA2956AC
  7390A3EB 2B5436AD C847A2C5 DAB553EB 69A9A535 58E9F3E3 C0BD23CF 58BD7188
  68E69491 20F320E7 948E71D7 AE3BCC84 F10684C7 4BC8E00F 539BA42B 42C68BB7
  C7479096 B4CB2D62 EA2F505D C7B062A4 6811D95B E8250FC4 5D5D5FB8 8F27D191
  C55F0D76 61F9A4CD 3D992327 A8BB03BD 4E6D7069 7CBADF8B DF5F4368 95135E44
  DFC7C6CF 04DD7FD1 02030100 01A34230 40300E06 03551D0F 0101FF04 04030201
  06300F06 03551D13 0101FF04 05300301 01FF301D 0603551D 0E041604 1449DC85
  4B3D31E5 1B3E6A17 606AF333 3D3B4C73 E8300D06 092A8648 86F70D01 010B0500
  03820101 00507F24 D3932A66 86025D9F E838AE5C 6D4DF6B0 49631C78 240DA905
  604EDCDE FF4FED2B 77FC460E CD636FDB DD44681E 3A5673AB 9093D3B1 6C9E3D8B
  D98987BF E40CBD9E 1AECA0C2 2189BB5C 8FA85686 CD98B646 5575B146 8DFC66A8
  467A3DF4 4D565700 6ADF0F0D CF835015 3C04FF7C 21E878AC 11BA9CD2 55A9232C
  7CA7B7E6 C1AF74F6 152E99B7 B1FCF9BB E973DE7F 5BDDEB86 C71E3B49 1765308B
  5FB0DA06 B92AFE7F 494E8A9E 07B85737 F3A58BE1 1A48A229 C37C1E69 39F08678
  80DDCD16 D6BACECA EEBC7CF9 8428787B 35202CDC 60E4616A B623CDBD 230E3AFB
  418616A9 4093E049 4D10AB75 27E86F73 932E35B5 8862FDAE 0275156F 719BB2F0
  D697DF7F 28
  	quit
!
license udi pid CSR1000V sn 9MM1GU3SD2V
diagnostic bootup level minimal
memory free low-watermark processor 72329
!
!
spanning-tree extend system-id
!
username boxen privilege 15 password 0 b0x3N-b0x3N
username admin privilege 15 password 0 admin
!
redundancy
!
!
!
!
!
!
!
!
!
!
!
!
!
!
!
!
!
!
!
!
!
!
!
interface GigabitEthernet1
 ip address 10.0.0.15 255.255.255.0
 negotiation auto
 no mop enabled
 no mop sysid
!
interface GigabitEthernet2
 no ip address
 shutdown
 negotiation auto
 no mop enabled
 no mop sysid
!
interface GigabitEthernet3
 no ip address
 shutdown
 negotiation auto
 no mop enabled
 no mop sysid
!
interface GigabitEthernet4
 no ip address
 shutdown
 negotiation auto
 no mop enabled
 no mop sysid
!
interface GigabitEthernet5
 no ip address
 shutdown
 negotiation auto
 no mop enabled
 no mop sysid
!
interface GigabitEthernet6
 no ip address
 shutdown
 negotiation auto
 no mop enabled
 no mop sysid
!
interface GigabitEthernet7
 no ip address
 shutdown
 negotiation auto
 no mop enabled
 no mop sysid
!
interface GigabitEthernet8
 no ip address
 shutdown
 negotiation auto
 no mop enabled
 no mop sysid
!
interface GigabitEthernet9
 no ip address
 shutdown
 negotiation auto
 no mop enabled
 no mop sysid
!
interface GigabitEthernet10
 no ip address
 shutdown
 negotiation auto
 no mop enabled
 no mop sysid
!
ip forward-protocol nd
no ip http server
ip http secure-server
!
!
!
!
!
!
!
!
control-plane
!
!
!
!
!
!
line con 0
 stopbits 1
line vty 0
 login local
 transport input all
line vty 1
 login local
 length 0
 transport input all
line vty 2 4
 login local
 transport input all
!
!
!
!
!
!
netconf-yang
restconf
end