


The target Mit has been already locked by others Dn0=sys/intf,