

!Command: show running-config
!Running configuration last done at: Sat Jul  2 18:32:27 2022
!Time: Sat Jul  2 18:37:39 2022

version 9.2(4) Bios:version
hostname vr-n9kv
vdc vr-n9kv id 1
  limit-resource vlan minimum 16 maximum 4094
  limit-resource vrf minimum 2 maximum 4096
  limit-resource port-channel minimum 0 maximum 511
  limit-resource u4route-mem minimum 248 maximum 248
  limit-resource u6route-mem minimum 96 maximum 96
  limit-resource m4route-mem minimum 58 maximum 58
  limit-resource m6route-mem minimum 8 maximum 8

feature nxapi
feature scp-server
feature netconf
feature grpc

no password strength-check
username admin password 5 $5$OCIHOM$KYnQ6u7CdgTtDJ1OVIMRFfG4B0LiZP4TCu6NCr8SMU2  role network-admin
username boxen password 5 $5$ipZx5veq$a7WoQ5.Cnki64vgXPPjcUvQwgKsur3OKpOtGGILPlF/  role network-admin
username boxen passphrase  lifetime 99999 warntime 14 gracetime 3
ip domain-lookup
copp profile strict
snmp-server user admin network-admin auth md5 0xc2ddb65d774688cbe39ccc99407c3504 priv 0xc2ddb65d774688cbe39ccc99407c3504 localizedkey
snmp-server user boxen network-admin auth md5 0xbbde1f880043a9581715afb5bd97c938 priv 0xbbde1f880043a9581715afb5bd97c938 localizedkey
rmon event 1 description FATAL(1) owner PMON@FATAL
rmon event 2 description CRITICAL(2) owner PMON@CRITICAL
rmon event 3 description ERROR(3) owner PMON@ERROR
rmon event 4 description WARNING(4) owner PMON@WARNING
rmon event 5 description INFORMATION(5) owner PMON@INFO

vlan 1

vrf context management

interface Ethernet1/1

interface Ethernet1/2

interface Ethernet1/3

interface Ethernet1/4

interface Ethernet1/5

interface Ethernet1/6

interface Ethernet1/7

interface Ethernet1/8

interface Ethernet1/9

interface Ethernet1/10

interface Ethernet1/11

interface Ethernet1/12

interface Ethernet1/13

interface Ethernet1/14

interface Ethernet1/15

interface Ethernet1/16

interface Ethernet1/17

interface Ethernet1/18

interface Ethernet1/19

interface Ethernet1/20

interface Ethernet1/21

interface Ethernet1/22

interface Ethernet1/23

interface Ethernet1/24

interface Ethernet1/25

interface Ethernet1/26

interface Ethernet1/27

interface Ethernet1/28

interface Ethernet1/29

interface Ethernet1/30

interface Ethernet1/31

interface Ethernet1/32

interface Ethernet1/33

interface Ethernet1/34

interface Ethernet1/35

interface Ethernet1/36

interface Ethernet1/37

interface Ethernet1/38

interface Ethernet1/39

interface Ethernet1/40

interface Ethernet1/41

interface Ethernet1/42

interface Ethernet1/43

interface Ethernet1/44

interface Ethernet1/45

interface Ethernet1/46

interface Ethernet1/47

interface Ethernet1/48

interface Ethernet1/49

interface Ethernet1/50

interface Ethernet1/51

interface Ethernet1/52

interface Ethernet1/53

interface Ethernet1/54

interface Ethernet1/55

interface Ethernet1/56

interface Ethernet1/57

interface Ethernet1/58

interface Ethernet1/59

interface Ethernet1/60

interface Ethernet1/61

interface Ethernet1/62

interface Ethernet1/63

interface Ethernet1/64

interface Ethernet1/65

interface Ethernet1/66

interface Ethernet1/67

interface Ethernet1/68

interface Ethernet1/69

interface Ethernet1/70

interface Ethernet1/71

interface Ethernet1/72

interface Ethernet1/73

interface Ethernet1/74

interface Ethernet1/75

interface Ethernet1/76

interface Ethernet1/77

interface Ethernet1/78

interface Ethernet1/79

interface Ethernet1/80

interface Ethernet1/81

interface Ethernet1/82

interface Ethernet1/83

interface Ethernet1/84

interface Ethernet1/85

interface Ethernet1/86

interface Ethernet1/87

interface Ethernet1/88

interface Ethernet1/89

interface Ethernet1/90

interface Ethernet1/91

interface Ethernet1/92

interface Ethernet1/93

interface Ethernet1/94

interface Ethernet1/95

interface Ethernet1/96

interface Ethernet1/97

interface Ethernet1/98

interface Ethernet1/99

interface Ethernet1/100

interface Ethernet1/101

interface Ethernet1/102

interface Ethernet1/103

interface Ethernet1/104

interface Ethernet1/105

interface Ethernet1/106

interface Ethernet1/107

interface Ethernet1/108

interface Ethernet1/109

interface Ethernet1/110

interface Ethernet1/111

interface Ethernet1/112

interface Ethernet1/113

interface Ethernet1/114

interface Ethernet1/115

interface Ethernet1/116

interface Ethernet1/117

interface Ethernet1/118

interface Ethernet1/119

interface Ethernet1/120

interface Ethernet1/121

interface Ethernet1/122

interface Ethernet1/123

interface Ethernet1/124

interface Ethernet1/125

interface Ethernet1/126

interface Ethernet1/127

interface Ethernet1/128

interface mgmt0
  vrf member management
  ip address 10.0.0.15/24
line console
line vty
boot nxos bootflash:/nxos.9.2.4.bin
--------------------------------------------------------------------------------
Port          Name               Status    Vlan      Duplex  Speed   Type
--------------------------------------------------------------------------------
mgmt0         --                 connected routed    full    1000    --

--------------------------------------------------------------------------------
Port          Name               Status    Vlan      Duplex  Speed   Type
--------------------------------------------------------------------------------
Eth1/1        --                 connected 1         full    auto    10g
Eth1/2        --                 connected 1         full    auto    10g
Eth1/3        --                 connected 1         full    auto    10g
Eth1/4        --                 connected 1         full    auto    10g
Eth1/5        --                 connected 1         full    auto    10g
Eth1/6        --                 connected 1         full    auto    10g
Eth1/7        --                 connected 1         full    auto    10g
Eth1/8        --                 connected 1         full    auto    10g
Eth1/9        --                 notconnec 1         auto    auto    10g
Eth1/10       --                 notconnec 1         auto    auto    10g
Eth1/11       --                 notconnec 1         auto    auto    10g
Eth1/12       --                 notconnec 1         auto    auto    10g
Eth1/13       --                 notconnec 1         auto    auto    10g
Eth1/14       --                 notconnec 1         auto    auto    10g
Eth1/15       --                 notconnec 1         auto    auto    10g
Eth1/16       --                 notconnec 1         auto    auto    10g
Eth1/17       --                 notconnec 1         auto    auto    10g
Eth1/18       --                 notconnec 1         auto    auto    10g
Eth1/19       --                 notconnec 1         auto    auto    10g
Eth1/20       --                 notconnec 1         auto    auto    10g
Eth1/21       --                 notconnec 1         auto    auto    10g
Eth1/22       --                 notconnec 1         auto    auto    10g
Eth1/23       --                 notconnec 1         auto    auto    10g
Eth1/24       --                 notconnec 1         auto    auto    10g
Eth1/25       --                 notconnec 1         auto    auto    10g
Eth1/26       --                 notconnec 1         auto    auto    10g
Eth1/27       --                 notconnec 1         auto    auto    10g
Eth1/28       --                 notconnec 1         auto    auto    10g
Eth1/29       --                 notconnec 1         auto    auto    10g
Eth1/30       --                 notconnec 1         auto    auto    10g
Eth1/31       --                 notconnec 1         auto    auto    10g
Eth1/32       --                 notconnec 1         auto    auto    10g
Eth1/33       --                 notconnec 1         auto    auto    10g
Eth1/34       --                 notconnec 1         auto    auto    10g
Eth1/35       --                 notconnec 1         auto    auto    10g
Eth1/36       --                 notconnec 1         auto    auto    10g
Eth1/37       --                 notconnec 1         auto    auto    10g
Eth1/38       --                 notconnec 1         auto    auto    10g
Eth1/39       --                 notconnec 1         auto    auto    10g
Eth1/40       --                 notconnec 1         auto    auto    10g
Eth1/41       --                 notconnec 1         auto    auto    10g
Eth1/42       --                 notconnec 1         auto    auto    10g
Eth1/43       --                 notconnec 1         auto    auto    10g
Eth1/44       --                 notconnec 1         auto    auto    10g
Eth1/45       --                 notconnec 1         auto    auto    10g
Eth1/46       --                 notconnec 1         auto    auto    10g
Eth1/47       --                 notconnec 1         auto    auto    10g
Eth1/48       --                 notconnec 1         auto    auto    10g
Eth1/49       --                 notconnec 1         auto    auto    10g
Eth1/50       --                 notconnec 1         auto    auto    10g
Eth1/51       --                 notconnec 1         auto    auto    10g
Eth1/52       --                 notconnec 1         auto    auto    10g
Eth1/53       --                 notconnec 1         auto    auto    10g
Eth1/54       --                 notconnec 1         auto    auto    10g
Eth1/55       --                 notconnec 1         auto    auto    10g
Eth1/56       --                 notconnec 1         auto    auto    10g
Eth1/57       --                 notconnec 1         auto    auto    10g
Eth1/58       --                 notconnec 1         auto    auto    10g
Eth1/59       --                 notconnec 1         auto    auto    10g
Eth1/60       --                 notconnec 1         auto    auto    10g
Eth1/61       --                 notconnec 1         auto    auto    10g
Eth1/62       --                 notconnec 1         auto    auto    10g
Eth1/63       --                 notconnec 1         auto    auto    10g
Eth1/64       --                 notconnec 1         auto    auto    10g
Eth1/65       --                 notconnec 1         auto    auto    10g
Eth1/66       --                 notconnec 1         auto    auto    10g
Eth1/67       --                 notconnec 1         auto    auto    10g
Eth1/68       --                 notconnec 1         auto    auto    10g
Eth1/69       --                 notconnec 1         auto    auto    10g
Eth1/70       --                 notconnec 1         auto    auto    10g
Eth1/71       --                 notconnec 1         auto    auto    10g
Eth1/72       --                 notconnec 1         auto    auto    10g
Eth1/73       --                 notconnec 1         auto    auto    10g
Eth1/74       --                 notconnec 1         auto    auto    10g
Eth1/75       --                 notconnec 1         auto    auto    10g
Eth1/76       --                 notconnec 1         auto    auto    10g
Eth1/77       --                 notconnec 1         auto    auto    10g
Eth1/78       --                 notconnec 1         auto    auto    10g
Eth1/79       --                 notconnec 1         auto    auto    10g
Eth1/80       --                 notconnec 1         auto    auto    10g
Eth1/81       --                 notconnec 1         auto    auto    10g
Eth1/82       --                 notconnec 1         auto    auto    10g
Eth1/83       --                 notconnec 1         auto    auto    10g
Eth1/84       --                 notconnec 1         auto    auto    10g
Eth1/85       --                 notconnec 1         auto    auto    10g
Eth1/86       --                 notconnec 1         auto    auto    10g
Eth1/87       --                 notconnec 1         auto    auto    10g
Eth1/88       --                 notconnec 1         auto    auto    10g
Eth1/89       --                 notconnec 1         auto    auto    10g
Eth1/90       --                 notconnec 1         auto    auto    10g
Eth1/91       --                 notconnec 1         auto    auto    10g
Eth1/92       --                 notconnec 1         auto    auto    10g
Eth1/93       --                 notconnec 1         auto    auto    10g
Eth1/94       --                 notconnec 1         auto    auto    10g
Eth1/95       --                 notconnec 1         auto    auto    10g
Eth1/96       --                 notconnec 1         auto    auto    10g
Eth1/97       --                 notconnec 1         auto    auto    10g
Eth1/98       --                 notconnec 1         auto    auto    10g
Eth1/99       --                 notconnec 1         auto    auto    10g
Eth1/100      --                 notconnec 1         auto    auto    10g
Eth1/101      --                 notconnec 1         auto    auto    10g
Eth1/102      --                 notconnec 1         auto    auto    10g
Eth1/103      --                 notconnec 1         auto    auto    10g
Eth1/104      --                 notconnec 1         auto    auto    10g
Eth1/105      --                 notconnec 1         auto    auto    10g
Eth1/106      --                 notconnec 1         auto    auto    10g
Eth1/107      --                 notconnec 1         auto    auto    10g
Eth1/108      --                 notconnec 1         auto    auto    10g
Eth1/109      --                 notconnec 1         auto    auto    10g
Eth1/110      --                 notconnec 1         auto    auto    10g
Eth1/111      --                 notconnec 1         auto    auto    10g
Eth1/112      --                 notconnec 1         auto    auto    10g
Eth1/113      --                 notconnec 1         auto    auto    10g
Eth1/114      --                 notconnec 1         auto    auto    10g
Eth1/115      --                 notconnec 1         auto    auto    10g
Eth1/116      --                 notconnec 1         auto    auto    10g
Eth1/117      --                 notconnec 1         auto    auto    10g
Eth1/118      --                 notconnec 1         auto    auto    10g
Eth1/119      --                 notconnec 1         auto    auto    10g
Eth1/120      --                 notconnec 1         auto    auto    10g
Eth1/121      --                 notconnec 1         auto    auto    10g
Eth1/122      --                 notconnec 1         auto    auto    10g
Eth1/123      --                 notconnec 1         auto    auto    10g
Eth1/124      --                 notconnec 1         auto    auto    10g
Eth1/125      --                 notconnec 1         auto    auto    10g
Eth1/126      --                 notconnec 1         auto    auto    10g
Eth1/127      --                 notconnec 1         auto    auto    10g
Eth1/128      --                 notconnec 1         auto    auto    10g