Fri May 27 19:36:25.684 UTC
Building configuration...
!! IOS XR Configuration version = 6.5.3
!! Last configuration change at Fri May 27 18:06:27 2022 by boxen
!
hostname vr-xrv9k
username boxen
 group root-lr
 group cisco-support
 secret 5 $1$Nd4O$3wWOjN4m1wNUNIYDO9m67.
!
username clab
 group root-lr
 group cisco-support
 password 7 104D0518073743595F
!
call-home
 service active
 contact smart-licensing
 profile CiscoTAC-1
  active
  destination transport-method http
 !
!
interface MgmtEth0/RP0/CPU0/0
 ipv4 address 10.0.0.15 255.255.255.0
!
interface GigabitEthernet0/0/0/0
 shutdown
!
interface GigabitEthernet0/0/0/1
 shutdown
!
interface GigabitEthernet0/0/0/2
 shutdown
!
interface GigabitEthernet0/0/0/3
 shutdown
!
interface GigabitEthernet0/0/0/4
 shutdown
!
interface GigabitEthernet0/0/0/5
 shutdown
!
interface GigabitEthernet0/0/0/6
 shutdown
!
interface GigabitEthernet0/0/0/7
 shutdown
!
interface GigabitEthernet0/0/0/8
 shutdown
!
interface GigabitEthernet0/0/0/9
 shutdown
!
interface GigabitEthernet0/0/0/10
 shutdown
!
interface GigabitEthernet0/0/0/11
 shutdown
!
interface GigabitEthernet0/0/0/12
 shutdown
!
interface GigabitEthernet0/0/0/13
 shutdown
!
interface GigabitEthernet0/0/0/14
 shutdown
!
interface GigabitEthernet0/0/0/15
 shutdown
!
grpc
 port 57400
 no-tls
!
netconf-yang agent
 ssh
!
ssh server v2
ssh server netconf vrf default
end