

some command that starts interim prompt thing


subcommand1


subcommand2

