

Building configuration...

Current configuration : 38 bytes
!
interface Vlan1
 no ip address
end
Building configuration...

Current configuration : 38 bytes
!
interface Vlan1
 no ip address
end