

configure terminal




interface loopback1


no interface loopback1

