<?xml version="1.0" encoding="utf-8"?>
<hello xmlns="urn:ietf:params:xml:ns:netconf:base:1.0">
     <capabilities>
         <capability>urn:ietf:params:netconf:base:1.1</capability>
     </capabilities>
</hello>]]>]]>


#131
<?xml version="1.0" encoding="UTF-8"?><rpc xmlns="urn:ietf:params:xml:ns:netconf:base:1.0" message-id="101"><commit></commit></rpc>
##




#149
<?xml version="1.0" encoding="UTF-8"?><rpc xmlns="urn:ietf:params:xml:ns:netconf:base:1.0" message-id="102"><discard-changes></discard-changes></rpc>
##



