<nc:rpc-reply xmlns:nc="urn:ietf:params:xml:ns:netconf:base:1.0" xmlns:junos="http://xml.juniper.net/junos/17.3R2/junos" xmlns="urn:ietf:params:xml:ns:netconf:base:1.0" message-id="102">
<nc:ok/>
</nc:rpc-reply>