<?xml version="1.0"?>
<rpc-reply message-id="101" xmlns="urn:ietf:params:xml:ns:netconf:base:1.0">
 <data>
  <interface-configurations xmlns="http://cisco.com/ns/yang/Cisco-IOS-XR-ifmgr-cfg">
   <interface-configuration>
    <active>act</active>
    <interface-name>MgmtEth0/RP0/CPU0/0</interface-name>
    <ipv4-network xmlns="http://cisco.com/ns/yang/Cisco-IOS-XR-ipv4-io-cfg">
     <addresses>
      <primary>
       <address>10.0.0.15</address>
       <netmask>255.255.255.0</netmask>
      </primary>
     </addresses>
    </ipv4-network>
   </interface-configuration>
   <interface-configuration>
    <active>act</active>
    <interface-name>GigabitEthernet0/0/0/0</interface-name>
    <shutdown></shutdown>
   </interface-configuration>
   <interface-configuration>
    <active>act</active>
    <interface-name>GigabitEthernet0/0/0/1</interface-name>
    <shutdown></shutdown>
   </interface-configuration>
   <interface-configuration>
    <active>act</active>
    <interface-name>GigabitEthernet0/0/0/2</interface-name>
    <shutdown></shutdown>
   </interface-configuration>
   <interface-configuration>
    <active>act</active>
    <interface-name>GigabitEthernet0/0/0/3</interface-name>
    <shutdown></shutdown>
   </interface-configuration>
   <interface-configuration>
    <active>act</active>
    <interface-name>GigabitEthernet0/0/0/4</interface-name>
    <shutdown></shutdown>
   </interface-configuration>
   <interface-configuration>
    <active>act</active>
    <interface-name>GigabitEthernet0/0/0/5</interface-name>
    <shutdown></shutdown>
   </interface-configuration>
   <interface-configuration>
    <active>act</active>
    <interface-name>GigabitEthernet0/0/0/6</interface-name>
    <shutdown></shutdown>
   </interface-configuration>
   <interface-configuration>
    <active>act</active>
    <interface-name>GigabitEthernet0/0/0/7</interface-name>
    <shutdown></shutdown>
   </interface-configuration>
   <interface-configuration>
    <active>act</active>
    <interface-name>GigabitEthernet0/0/0/8</interface-name>
    <shutdown></shutdown>
   </interface-configuration>
   <interface-configuration>
    <active>act</active>
    <interface-name>GigabitEthernet0/0/0/9</interface-name>
    <shutdown></shutdown>
   </interface-configuration>
   <interface-configuration>
    <active>act</active>
    <interface-name>GigabitEthernet0/0/0/10</interface-name>
    <shutdown></shutdown>
   </interface-configuration>
   <interface-configuration>
    <active>act</active>
    <interface-name>GigabitEthernet0/0/0/11</interface-name>
    <shutdown></shutdown>
   </interface-configuration>
   <interface-configuration>
    <active>act</active>
    <interface-name>GigabitEthernet0/0/0/12</interface-name>
    <shutdown></shutdown>
   </interface-configuration>
   <interface-configuration>
    <active>act</active>
    <interface-name>GigabitEthernet0/0/0/13</interface-name>
    <shutdown></shutdown>
   </interface-configuration>
   <interface-configuration>
    <active>act</active>
    <interface-name>GigabitEthernet0/0/0/14</interface-name>
    <shutdown></shutdown>
   </interface-configuration>
   <interface-configuration>
    <active>act</active>
    <interface-name>GigabitEthernet0/0/0/15</interface-name>
    <shutdown></shutdown>
   </interface-configuration>
  </interface-configurations>
  <ssh xmlns="http://cisco.com/ns/yang/Cisco-IOS-XR-crypto-ssh-cfg">
   <server>
    <v2></v2>
    <netconf-vrf-table>
     <vrf>
      <vrf-name>default</vrf-name>
      <enable></enable>
     </vrf>
    </netconf-vrf-table>
   </server>
  </ssh>
  <aaa xmlns="http://cisco.com/ns/yang/Cisco-IOS-XR-aaa-lib-cfg">
   <usernames xmlns="http://cisco.com/ns/yang/Cisco-IOS-XR-aaa-locald-cfg">
    <username>
     <ordering-index>0</ordering-index>
     <name>boxen</name>
     <usergroup-under-usernames>
      <usergroup-under-username>
       <name>root-lr</name>
      </usergroup-under-username>
      <usergroup-under-username>
       <name>cisco-support</name>
      </usergroup-under-username>
     </usergroup-under-usernames>
     <secret>$1$Nd4O$3wWOjN4m1wNUNIYDO9m67.</secret>
    </username>
    <username>
     <ordering-index>1</ordering-index>
     <name>clab</name>
     <usergroup-under-usernames>
      <usergroup-under-username>
       <name>root-lr</name>
      </usergroup-under-username>
      <usergroup-under-username>
       <name>cisco-support</name>
      </usergroup-under-username>
     </usergroup-under-usernames>
     <password>1511070D060A7A767B</password>
    </username>
   </usernames>
  </aaa>
  <host-names xmlns="http://cisco.com/ns/yang/Cisco-IOS-XR-shellutil-cfg">
   <host-name>vr-xrv9k</host-name>
  </host-names>
  <netconf-yang xmlns="http://cisco.com/ns/yang/Cisco-IOS-XR-man-netconf-cfg">
   <agent>
    <ssh>
     <enable></enable>
    </ssh>
   </agent>
  </netconf-yang>
  <grpc xmlns="http://cisco.com/ns/yang/Cisco-IOS-XR-man-ems-cfg">
   <port>57400</port>
   <no-tls></no-tls>
   <enable></enable>
  </grpc>
  <call-home xmlns="http://cisco.com/ns/yang/Cisco-IOS-XR-call-home-cfg">
   <active></active>
   <contact-smart-licensing>true</contact-smart-licensing>
   <profiles>
    <profile>
     <profile-name>CiscoTAC-1</profile-name>
     <active></active>
     <methods>
      <method>
       <method>email</method>
       <enable>false</enable>
      </method>
      <method>
       <method>http</method>
       <enable>true</enable>
      </method>
     </methods>
    </profile>
   </profiles>
  </call-home>
 </data>
</rpc-reply>