<?xml version="1.0" encoding="utf-8"?>
<hello xmlns="urn:ietf:params:xml:ns:netconf:base:1.0">
     <capabilities>
         <capability>urn:ietf:params:netconf:base:1.1</capability>
     </capabilities>
</hello>]]>]]>


#249
<?xml version="1.0" encoding="UTF-8"?><rpc xmlns="urn:ietf:params:xml:ns:netconf:base:1.0" message-id="101"><get><filter type="subtree"><netconf-yang xmlns="http://cisco.com/ns/yang/Cisco-IOS-XR-man-netconf-cfg">
</netconf-yang></filter></get></rpc>
##



