<?xml version="1.0"?>
<rpc-reply message-id="101" xmlns="urn:ietf:params:xml:ns:netconf:base:1.0">
 <data>
  <netconf-yang xmlns="http://cisco.com/ns/yang/Cisco-IOS-XR-man-netconf-cfg">
   <agent>
    <ssh>
     <enable></enable>
    </ssh>
   </agent>
  </netconf-yang>
 </data>
</rpc-reply>