<rpc-reply xmlns="urn:ietf:params:xml:ns:netconf:base:1.0" message-id="101"><data></ipv4><ipv6 xmlns="urn:ietf:params:xml:ns:yang:ietf-ip"></ipv6></interface></interfaces><nacm xmlns="urn:ietf:params:xml:ns:yang:ietf-netconf-acm"><enable-nacm>true</enable-nacm><read-default>deny</read-default><write-default>deny</write-default><exec-default>deny</exec-default><enable-external-groups>true</enable-external-groups><rule-list><name>admin</name><group>PRIV15</group><rule><name>permit-all</name><module-name>*</module-name><access-operations>*</access-operations><action>permit</action></rule></rule-list></nacm><routing xmlns="urn:ietf:params:xml:ns:yang:ietf-routing"><routing-instance><name>default</name><description>default-vrf [read-only]</description><routing-protocols><routing-protocol><type>static</type><name>1</name></routing-protocol></routing-protocols></routing-instance></routing></data></rpc-reply>